C51 COMPILER V9.00   MAIN                                                                  11/07/2017 10:42:26 PAGE 1   


C51 COMPILER V9.00, COMPILATION OF MODULE MAIN
OBJECT MODULE PLACED IN main.OBJ
COMPILER INVOKED BY: C:\Keil\C51\BIN\C51.EXE main.c BROWSE DEBUG OBJECTEXTEND

line level    source

   1          /*******************************************************************************
   2          * 实验名                           : 万年历实验
   3          * 使用的IO           : 
   4          * 实验效果       :1602显示时钟，按K3进入时钟设置，按K1选择设置的时分秒日月，按K2选择
   5          *选择设置加1。 
   6          *       注意                                     ：
   7          *******************************************************************************/
   8          
   9          #include<reg51.h>
  10          #include"lcd.h"
  11          #include"ds1302.h"
  12          
  13          sbit K1=P3^1;
  14          sbit K2=P3^0;
  15          sbit K3=P3^2;
  16          sbit K4=P3^3;
  17          
  18          void Int0Configuration();
  19          void LcdDisplay();
  20          unsigned char SetState,SetPlace;
  21          void Delay10ms(void);   //误差 0us
  22          /*******************************************************************************
  23          * 函数名         : main
  24          * 函数功能                 : 主函数
  25          * 输入           : 无
  26          * 输出           : 无
  27          *******************************************************************************/
  28          
  29          void main()
  30          {
  31   1              unsigned char i;
  32   1              Int0Configuration();
  33   1              LcdInit();
  34   1              Ds1302Init();
  35   1              while(1)
  36   1              {       
  37   2                      if(SetState==0)
  38   2                      {
  39   3                              Ds1302ReadTime();
  40   3                      }
  41   2                      else
  42   2                      {
  43   3                              if(K1==0)               //检测按键K1是否按下
  44   3                              {
  45   4                                      Delay10ms();    //消除抖动
  46   4                                      if(K1==0)
  47   4                                      {
  48   5                                              SetPlace++;
  49   5                                              if(SetPlace>=7)
  50   5                                                      SetPlace=0;                                     
  51   5                                      }
  52   4      
  53   4                                      while((i<50)&&(K1==0))   //检测按键是否松开
  54   4                                      {
  55   5                                              Delay10ms();
C51 COMPILER V9.00   MAIN                                                                  11/07/2017 10:42:26 PAGE 2   

  56   5                                              i++;
  57   5                                      }
  58   4                                      i=0;
  59   4                              }
  60   3                              if(K2==0)               //检测按键K2是否按下
  61   3                              {
  62   4                                      Delay10ms();    //消除抖动
  63   4                                      if(K2==0)
  64   4                                      {
  65   5                                              TIME[SetPlace]++;
  66   5                                              if((TIME[SetPlace]&0x0f)>9)                                      //换成BCD码。
  67   5                                              {
  68   6                                                      TIME[SetPlace]=TIME[SetPlace]+6;
  69   6                                              }
  70   5                                              if((TIME[SetPlace]>=0x60)&&(SetPlace<2))                //分秒只能到59
  71   5                                              {
  72   6                                                      TIME[SetPlace]=0;
  73   6                                              }
  74   5                                              if((TIME[SetPlace]>=0x24)&&(SetPlace==2))               //小时只能到23
  75   5                                              {
  76   6                                                      TIME[SetPlace]=0;
  77   6                                              }
  78   5                                              if((TIME[SetPlace]>=0x32)&&(SetPlace==3))               //日只能到31
  79   5                                              {
  80   6                                                      TIME[SetPlace]=0;       
  81   6                                              }
  82   5                                              if((TIME[SetPlace]>=0x13)&&(SetPlace==4))               //月只能到12
  83   5                                              {
  84   6                                                      TIME[SetPlace]=0;
  85   6                                              }       
  86   5                                              if((TIME[SetPlace]>=0x7)&&(SetPlace==5))                //周只能到7
  87   5                                              {
  88   6                                                      TIME[SetPlace]=1;
  89   6                                              }               
  90   5      //                                      if(SetPlace==5)         //月只能到12
  91   5      //                                      {
  92   5      //                                              TIME[SetPlace]=;
  93   5      //                                      }       
  94   5                                      }
  95   4                                      
  96   4                                      while((i<50)&&(K2==0))   //检测按键是否松开
  97   4                                      {
  98   5                                              Delay10ms();
  99   5                                              i++;
 100   5                                      }
 101   4                                      i=0;
 102   4                                      
 103   4                              }                                               
 104   3                      }
 105   2                      LcdDisplay();   
 106   2              }
 107   1              
 108   1      }
 109          /*******************************************************************************
 110          * 函数名         : LcdDisplay()
 111          * 函数功能                 : 显示函数
 112          * 输入           : 无
 113          * 输出           : 无
 114          *******************************************************************************/
 115          
 116          void LcdDisplay()
 117          {
C51 COMPILER V9.00   MAIN                                                                  11/07/2017 10:42:26 PAGE 3   

 118   1              LcdWriteCom(0x80+0X40);
 119   1              LcdWriteData('0'+TIME[2]/16);                           //时
 120   1              LcdWriteData('0'+(TIME[2]&0x0f));                                
 121   1              LcdWriteData('-');
 122   1              LcdWriteData('0'+TIME[1]/16);                           //分
 123   1              LcdWriteData('0'+(TIME[1]&0x0f));       
 124   1              LcdWriteData('-');
 125   1              LcdWriteData('0'+TIME[0]/16);                           //秒
 126   1              LcdWriteData('0'+(TIME[0]&0x0f));
 127   1      
 128   1              LcdWriteCom(0x80);
 129   1              LcdWriteData('2');
 130   1              LcdWriteData('0');
 131   1              LcdWriteData('0'+TIME[6]/16);                   //年
 132   1              LcdWriteData('0'+(TIME[6]&0x0f));
 133   1              LcdWriteData('-');
 134   1              LcdWriteData('0'+TIME[4]/16);                   //月
 135   1              LcdWriteData('0'+(TIME[4]&0x0f));
 136   1              LcdWriteData('-');
 137   1              LcdWriteData('0'+TIME[3]/16);                   //日
 138   1              LcdWriteData('0'+(TIME[3]&0x0f));
 139   1              LcdWriteCom(0x8D);
 140   1              LcdWriteData('0'+(TIME[5]&0x07));       //星期                   
 141   1      }
 142          /*******************************************************************************
 143          * 函数名         : Int0Configuration()
 144          * 函数功能                 : 配置外部中断0
 145          * 输入           : 无
 146          * 输出           : 无
 147          *******************************************************************************/
 148          
 149          void Int0Configuration()
 150          {
 151   1              //设置INT0
 152   1              IT0=1;//跳变沿出发方式（下降沿）
 153   1              EX0=1;//打开INT0的中断允许。
 154   1              EA=1;//打开总中断       
 155   1      }
 156          /*******************************************************************************
 157          * 函数名         : Int0() 
 158          * 函数功能                 : 外部中断0 中断函数
 159          * 输入           : 无
 160          * 输出           : 无
 161          *******************************************************************************/
 162          
 163          void Int0() interrupt 0          
 164          {
 165   1              Delay10ms();
 166   1              if(K3==0)
 167   1              {
 168   2                      SetState=~SetState;
 169   2                      SetPlace=0;
 170   2                      Ds1302Init();   
 171   2              }
 172   1      }
 173          /*******************************************************************************
 174          * 函数名         : Delay10ms
 175          * 函数功能                 : 延时函数，延时10ms
 176          * 输入           : 无
 177          * 输出           : 无
 178          *******************************************************************************/
 179          void Delay10ms(void)   //误差 0us
C51 COMPILER V9.00   MAIN                                                                  11/07/2017 10:42:26 PAGE 4   

 180          {
 181   1          unsigned char a,b,c;
 182   1          for(c=1;c>0;c--)
 183   1              for(b=38;b>0;b--)
 184   1                  for(a=130;a>0;a--);
 185   1      }


MODULE INFORMATION:   STATIC OVERLAYABLE
   CODE SIZE        =    484    ----
   CONSTANT SIZE    =   ----    ----
   XDATA SIZE       =   ----    ----
   PDATA SIZE       =   ----    ----
   DATA SIZE        =      2       1
   IDATA SIZE       =   ----    ----
   BIT SIZE         =   ----    ----
END OF MODULE INFORMATION.


C51 COMPILATION COMPLETE.  0 WARNING(S),  0 ERROR(S)
